------------------------------------------------------------
TimeQuest Timing Analyzer Summary
------------------------------------------------------------

Type  : Slow 1100mV 85C Model Setup 'out_BUTTON_2'
Slack : -0.982
TNS   : -0.982

Type  : Slow 1100mV 85C Model Setup 'PLL_instance|altpll_component|auto_generated|generic_pll1~PLL_OUTPUT_COUNTER|divclk'
Slack : 370.228
TNS   : 0.000

Type  : Slow 1100mV 85C Model Hold 'out_BUTTON_2'
Slack : 0.463
TNS   : 0.000

Type  : Slow 1100mV 85C Model Hold 'PLL_instance|altpll_component|auto_generated|generic_pll1~PLL_OUTPUT_COUNTER|divclk'
Slack : 0.531
TNS   : 0.000

Type  : Slow 1100mV 85C Model Recovery 'PLL_instance|altpll_component|auto_generated|generic_pll1~PLL_OUTPUT_COUNTER|divclk'
Slack : 418.198
TNS   : 0.000

Type  : Slow 1100mV 85C Model Removal 'PLL_instance|altpll_component|auto_generated|generic_pll1~PLL_OUTPUT_COUNTER|divclk'
Slack : 1.581
TNS   : 0.000

Type  : Slow 1100mV 85C Model Minimum Pulse Width 'out_BUTTON_2'
Slack : -0.538
TNS   : -0.852

Type  : Slow 1100mV 85C Model Minimum Pulse Width 'PLL_instance|altpll_component|auto_generated|generic_pll1~FRACTIONAL_PLL|vcoph[0]'
Slack : 1.666
TNS   : 0.000

Type  : Slow 1100mV 85C Model Minimum Pulse Width 'CLOCK_50'
Slack : 9.949
TNS   : 0.000

Type  : Slow 1100mV 85C Model Minimum Pulse Width 'PLL_instance|altpll_component|auto_generated|generic_pll1~PLL_OUTPUT_COUNTER|divclk'
Slack : 425.678
TNS   : 0.000

Type  : Slow 1100mV 0C Model Setup 'out_BUTTON_2'
Slack : -0.938
TNS   : -0.938

Type  : Slow 1100mV 0C Model Setup 'PLL_instance|altpll_component|auto_generated|generic_pll1~PLL_OUTPUT_COUNTER|divclk'
Slack : 370.523
TNS   : 0.000

Type  : Slow 1100mV 0C Model Hold 'out_BUTTON_2'
Slack : 0.515
TNS   : 0.000

Type  : Slow 1100mV 0C Model Hold 'PLL_instance|altpll_component|auto_generated|generic_pll1~PLL_OUTPUT_COUNTER|divclk'
Slack : 0.553
TNS   : 0.000

Type  : Slow 1100mV 0C Model Recovery 'PLL_instance|altpll_component|auto_generated|generic_pll1~PLL_OUTPUT_COUNTER|divclk'
Slack : 418.409
TNS   : 0.000

Type  : Slow 1100mV 0C Model Removal 'PLL_instance|altpll_component|auto_generated|generic_pll1~PLL_OUTPUT_COUNTER|divclk'
Slack : 1.378
TNS   : 0.000

Type  : Slow 1100mV 0C Model Minimum Pulse Width 'out_BUTTON_2'
Slack : -0.538
TNS   : -0.806

Type  : Slow 1100mV 0C Model Minimum Pulse Width 'PLL_instance|altpll_component|auto_generated|generic_pll1~FRACTIONAL_PLL|vcoph[0]'
Slack : 1.666
TNS   : 0.000

Type  : Slow 1100mV 0C Model Minimum Pulse Width 'CLOCK_50'
Slack : 9.980
TNS   : 0.000

Type  : Slow 1100mV 0C Model Minimum Pulse Width 'PLL_instance|altpll_component|auto_generated|generic_pll1~PLL_OUTPUT_COUNTER|divclk'
Slack : 425.572
TNS   : 0.000

Type  : Fast 1100mV 85C Model Setup 'out_BUTTON_2'
Slack : -0.040
TNS   : -0.040

Type  : Fast 1100mV 85C Model Setup 'PLL_instance|altpll_component|auto_generated|generic_pll1~PLL_OUTPUT_COUNTER|divclk'
Slack : 393.913
TNS   : 0.000

Type  : Fast 1100mV 85C Model Hold 'PLL_instance|altpll_component|auto_generated|generic_pll1~PLL_OUTPUT_COUNTER|divclk'
Slack : 0.198
TNS   : 0.000

Type  : Fast 1100mV 85C Model Hold 'out_BUTTON_2'
Slack : 0.256
TNS   : 0.000

Type  : Fast 1100mV 85C Model Recovery 'PLL_instance|altpll_component|auto_generated|generic_pll1~PLL_OUTPUT_COUNTER|divclk'
Slack : 421.846
TNS   : 0.000

Type  : Fast 1100mV 85C Model Removal 'PLL_instance|altpll_component|auto_generated|generic_pll1~PLL_OUTPUT_COUNTER|divclk'
Slack : 1.239
TNS   : 0.000

Type  : Fast 1100mV 85C Model Minimum Pulse Width 'out_BUTTON_2'
Slack : 0.129
TNS   : 0.000

Type  : Fast 1100mV 85C Model Minimum Pulse Width 'PLL_instance|altpll_component|auto_generated|generic_pll1~FRACTIONAL_PLL|vcoph[0]'
Slack : 1.666
TNS   : 0.000

Type  : Fast 1100mV 85C Model Minimum Pulse Width 'CLOCK_50'
Slack : 9.643
TNS   : 0.000

Type  : Fast 1100mV 85C Model Minimum Pulse Width 'PLL_instance|altpll_component|auto_generated|generic_pll1~PLL_OUTPUT_COUNTER|divclk'
Slack : 426.212
TNS   : 0.000

Type  : Fast 1100mV 0C Model Setup 'out_BUTTON_2'
Slack : 0.010
TNS   : 0.000

Type  : Fast 1100mV 0C Model Setup 'PLL_instance|altpll_component|auto_generated|generic_pll1~PLL_OUTPUT_COUNTER|divclk'
Slack : 397.903
TNS   : 0.000

Type  : Fast 1100mV 0C Model Hold 'PLL_instance|altpll_component|auto_generated|generic_pll1~PLL_OUTPUT_COUNTER|divclk'
Slack : 0.189
TNS   : 0.000

Type  : Fast 1100mV 0C Model Hold 'out_BUTTON_2'
Slack : 0.240
TNS   : 0.000

Type  : Fast 1100mV 0C Model Recovery 'PLL_instance|altpll_component|auto_generated|generic_pll1~PLL_OUTPUT_COUNTER|divclk'
Slack : 422.357
TNS   : 0.000

Type  : Fast 1100mV 0C Model Removal 'PLL_instance|altpll_component|auto_generated|generic_pll1~PLL_OUTPUT_COUNTER|divclk'
Slack : 0.973
TNS   : 0.000

Type  : Fast 1100mV 0C Model Minimum Pulse Width 'out_BUTTON_2'
Slack : 0.145
TNS   : 0.000

Type  : Fast 1100mV 0C Model Minimum Pulse Width 'PLL_instance|altpll_component|auto_generated|generic_pll1~FRACTIONAL_PLL|vcoph[0]'
Slack : 1.666
TNS   : 0.000

Type  : Fast 1100mV 0C Model Minimum Pulse Width 'CLOCK_50'
Slack : 9.632
TNS   : 0.000

Type  : Fast 1100mV 0C Model Minimum Pulse Width 'PLL_instance|altpll_component|auto_generated|generic_pll1~PLL_OUTPUT_COUNTER|divclk'
Slack : 426.193
TNS   : 0.000

------------------------------------------------------------
